Microchip MPLAB XC8 Compiler V3.00

Linker command line:

-W-3 \
  --edf=C:/Program Files/Microchip/MPLABX/v6.25/packs/Microchip/PIC18Fxxxx_DFP/1.7.171/xc8\pic\dat\20250117225543_en.msgs \
  -cn -h+dist/default/production\Pulse_Generator.X.production.sym \
  --cmf=dist/default/production\Pulse_Generator.X.production.cmf -z \
  -Q18F4580 -oC:\Users\COLLIN~1\AppData\Local\Temp\xcAsm84.\driver_tmp_3.o \
  --defsym=__MPLAB_BUILD=1 --fixupoverflow=error \
  -Mdist/default/production/Pulse_Generator.X.production.map \
  --md=C:\Users\COLLIN~1\AppData\Local\Temp\xcAsm84.\driver_tmp_0.dat -E1 \
  -ver=XC8 Compiler -ACODE=00h-07FFFh -ACONST=00h-07FFFh \
  -ASMALLCONST=0600h-06FFhx122 -AMEDIUMCONST=0600h-07FFFh -ACOMRAM=01h-05Fh \
  -AABS1=00h-05FFh -ABIGRAM=01h-05FFh -ARAM=060h-0FFh,0100h-01FFhx5 \
  -ABANK0=060h-0FFh -ABANK1=0100h-01FFh -ABANK2=0200h-02FFh \
  -ABANK3=0300h-03FFh -ABANK4=0400h-04FFh -ABANK5=0500h-05FFh \
  -ASFR=0D00h-0DFFhx2,0F00h-0F5Fh,0F60h-0FFFh -ABIGSFR=0D00h-0FFFh \
  -ACONFIG=0300000h-030000Dh -AIDLOC=0200000h-0200007h \
  -AEEDATA=0F00000h-0F000FFh -peeprom_data=EEDATA \
  -preset_vec=00h,intcode=8h,intcodelo=18h,sivt_lo,sivt_hi=CODE \
  -ppowerup=CODE,init -pramtop=0600h -psmallconst=SMALLCONST \
  -pmediumconst=MEDIUMCONST -pconst=CONST -AFARRAM=00h-00h \
  -prdata=COMRAM,nvrram=COMRAM,nvbit=COMRAM,rbss=COMRAM,rbit=COMRAM \
  -pfarbss=FARRAM,fardata=FARRAM,nvFARRAM=FARRAM \
  -pintsave_regs=BIGRAM,bigbss=BIGRAM,bigdata=BIGRAM -pbss=RAM \
  -pidata=CODE,irdata=CODE,ibigdata=CODE,ifardata=CODE -prparam=COMRAM \
  C:\Users\COLLIN~1\AppData\Local\Temp\xcAsm84.\driver_tmp_11.o \
  dist/default/production\Pulse_Generator.X.production.o 

Object code version is 3.11

Machine type is 18F4580



                Name                               Link     Load   Length Selector   Space Scale
C:\Users\COLLIN~1\AppData\Local\Temp\xcAsm84.\driver_tmp_11.o
                config                           300000   300000        E        0       4
                init                                  E        E        4        4       0
                reset_vec                             0        0        4        0       0
dist/default/production\Pulse_Generator.X.production.o
                intcode                               8        8        6        4       0
                config                           300000   300000        E        0       4
                temp                                 5F       5F        1        1       1
                smallconst                          600      600       1C      300       0
                intcode_body                        D44      D44       88      30E       0
                text17                              FD6      FD6       4C      30E       0
                text16                              9AA      9AA      142      30E       0
                text15                              C98      C98       AC      30E       0
                text14                              BC2      BC2       D6      30E       0
                text13                              F78      F78       5E      30E       0
                text12                             10D4     10D4       22      30E       0
                text11                              AEC      AEC       D6      30E       0
                text10                             10F6     10F6       1A      30E       0
                text9                               DCC      DCC       76      30E       0
                text8                               F16      F16       62      30E       0
                text7                              112C     112C        2      30E       0
                text6                               E42      E42       6E      30E       0
                text5                               61C      61C      20E      30E       0
                text4                              1086     1086       28      30E       0
                text3                              105A     105A       2C      30E       0
                text2                              10AE     10AE       26      30E       0
                text1                               82A      82A      180      30E       0
                text0                              1022     1022       38      30E       0
                cstackCOMRAM                          1        1       4A        1       1
                dataBANK0                            AC       AC       10       60       1
                bssBANK0                             60       60       4C       60       1
                dataCOMRAM                           4B       4B        C        1       1
                bssCOMRAM                            57       57        8        1       1
                cinit                               EB0      EB0       66      30E       0
                idataBANK0                         1110     1110       10      30E       0
                idataCOMRAM                        1120     1120        C      30E       0

TOTAL           Name                               Link     Load   Length     Space
        CLASS   CODE           
                intcode                               8        8        6         0
                init                                  E        E        4         0
                reset_vec                             0        0        4         0
                intcode_body                        D44      D44       88         0
                text17                              FD6      FD6       4C         0
                text16                              9AA      9AA      142         0
                text15                              C98      C98       AC         0
                text14                              BC2      BC2       D6         0
                text13                              F78      F78       5E         0
                text12                             10D4     10D4       22         0
                text11                              AEC      AEC       D6         0
                text10                             10F6     10F6       1A         0
                text9                               DCC      DCC       76         0
                text8                               F16      F16       62         0
                text7                              112C     112C        2         0
                text6                               E42      E42       6E         0
                text5                               61C      61C      20E         0
                text4                              1086     1086       28         0
                text3                              105A     105A       2C         0
                text2                              10AE     10AE       26         0
                text1                               82A      82A      180         0
                text0                              1022     1022       38         0
                cinit                               EB0      EB0       66         0
                idataBANK0                         1110     1110       10         0
                idataCOMRAM                        1120     1120        C         0

        CLASS   CONST          

        CLASS   SMALLCONST     
                smallconst                          600      600       1C         0

        CLASS   MEDIUMCONST    

        CLASS   COMRAM         
                temp                                 5F       5F        1         1
                cstackCOMRAM                          1        1       4A         1
                dataCOMRAM                           4B       4B        C         1
                bssCOMRAM                            57       57        8         1

        CLASS   ABS1           

        CLASS   BIGRAM         

        CLASS   RAM            

        CLASS   BANK0          
                dataBANK0                            AC       AC       10         1
                bssBANK0                             60       60       4C         1

        CLASS   BANK1          

        CLASS   BANK2          

        CLASS   BANK3          

        CLASS   BANK4          

        CLASS   BANK5          

        CLASS   SFR            

        CLASS   BIGSFR         

        CLASS   CONFIG         
                config                           300000   300000        E         4

        CLASS   IDLOC          

        CLASS   EEDATA         

        CLASS   FARRAM         

        CLASS   HEAP           

        CLASS   STACK          



SEGMENTS        Name                           Load    Length   Top    Selector   Space  Class

                reset_vec                      000000  000004  000004         0       0  CODE    
                cstackCOMRAM                   000001  00005F  000060         1       1  COMRAM  
                intcode                        000008  00000A  000012         4       0  CODE    
                bssBANK0                       000060  00005C  0000BC        60       1  BANK0   
                smallconst                     000600  00001C  00061C       300       0  SMALLCON
                text5                          00061C  000B12  00112E       30E       0  CODE    


UNUSED ADDRESS RANGES

        Name                Unused          Largest block    Delta
        BANK0            0000BC-0000FF               44
        BANK1            000100-0001FF              100
        BANK2            000200-0002FF              100
        BANK3            000300-0003FF              100
        BANK4            000400-0004FF              100
        BANK5            000500-0005FF              100
        BIGRAM           0000BC-0005FF              544
        BIGSFR           000D00-000FFF              300
        CODE             000004-000007                4
                         000012-0005FF              5EE
                         00112E-007FFF             6ED2
        CONST            000004-000007                4
                         000012-0005FF              5EE
                         00112E-007FFF             6ED2
        EEDATA           F00000-F000FF              100
        IDLOC            200000-200007                8
        MEDIUMCONST      00112E-007FFF             6ED2
        RAM              0000BC-0005FF              100
        SFR              000D00-000FFF              100
        SMALLCONST       00112E-007FFF              100

                                  Symbol Table

?___lldiv                  cstackCOMRAM 000001
?___llmod                  cstackCOMRAM 000001
?___lmul                   cstackCOMRAM 000001
?_sprintf                  cstackCOMRAM 000020
?_vfprintf                 cstackCOMRAM 00001C
PL10                       text11       000B9E
PL12                       text14       000C74
PL14                       text1        000960
PL16                       text1        000972
PL18                       text5        0007E8
PL2                        text5        0007CA
PL20                       text11       000BA8
PL22                       text14       000C7E
PL24                       text5        0007FA
PL26                       text1        000984
PL28                       text1        000994
PL30                       text5        000804
PL32                       text11       000BB8
PL34                       text14       000C8E
PL36                       text5        00080E
PL38                       text6        000E98
PL4                        text5        0007DE
PL40                       text6        000EA4
PL42                       text15       000D3A
PL44                       text5        000818
PL46                       text10       001106
PL48                       text5        000822
PL50                       text1        0009A2
PL6                        text1        000934
PL8                        text1        00094A
_ADCON1                    (abs)        000FC1
_CMCON                     (abs)        000FB4
_INTCONbits                (abs)        000FF2
_LATBbits                  (abs)        000F8A
_LATCbits                  (abs)        000F8B
_LATDbits                  (abs)        000F8C
_OSCCON                    (abs)        000FD3
_PIE1bits                  (abs)        000F9D
_PIR1bits                  (abs)        000F9E
_PORTBbits                 (abs)        000F81
_PR2                       (abs)        000FCB
_T2CON                     (abs)        000FCA
_T2CONbits                 (abs)        000FCA
_TRISA                     (abs)        000F92
_TRISB                     (abs)        000F93
_TRISC                     (abs)        000F94
_TRISD                     (abs)        000F95
__HRAM                     (abs)        000000
__H__absolute__            __absolute__ 000000
__Habs1                    abs1         000000
__Hbank0                   bank0        000000
__Hbank1                   bank1        000000
__Hbank2                   bank2        000000
__Hbank3                   bank3        000000
__Hbank4                   bank4        000000
__Hbank5                   bank5        000000
__Hbigbss                  bigbss       000000
__Hbigdata                 bigdata      000000
__Hbigram                  bigram       000000
__Hbigsfr                  bigsfr       000000
__Hbss                     bss          000000
__HbssBANK0                bssBANK0     000000
__HbssCOMRAM               bssCOMRAM    000000
__Hcinit                   cinit        000000
__Hclrtext                 clrtext      000000
__Hcomram                  comram       000000
__Hconfig                  config       30000E
__Hconst                   const        000000
__HcstackCOMRAM            cstackCOMRAM 000000
__Hdata                    data         000000
__HdataBANK0               dataBANK0    000000
__HdataCOMRAM              dataCOMRAM   000000
__Heeprom_data             eeprom_data  000000
__Hfarbss                  farbss       000000
__Hfardata                 fardata      000000
__Hheap                    heap         000000
__Hibigdata                ibigdata     000000
__Hidata                   idata        000000
__HidataBANK0              idataBANK0   000000
__HidataCOMRAM             idataCOMRAM  000000
__Hidloc                   idloc        000000
__Hifardata                ifardata     000000
__Hinit                    init         000012
__Hintcode                 intcode      00000E
__Hintcode_body            intcode_body 000000
__Hintcodelo               intcodelo    000018
__Hintentry                intentry     000000
__Hintret                  intret       000000
__Hintsave_regs            intsave_regs 000000
__Hirdata                  irdata       000000
__Hmediumconst             mediumconst  000000
__HnvFARRAM                nvFARRAM     000000
__Hnvbit                   nvbit        000000
__Hnvrram                  nvrram       000000
__Hpa_nodes0               pa_nodes0    000000
__Hparam                   rparam       000000
__Hpowerup                 powerup      000000
__Hram                     ram          000000
__Hramtop                  ramtop       000600
__Hrbit                    rbit         000000
__Hrbss                    rbss         000000
__Hrdata                   rdata        000000
__Hreset_vec               reset_vec    000004
__Hrparam                  rparam       000000
__Hsfr                     sfr          000000
__Hsivt_hi                 sivt_hi      000000
__Hsivt_lo                 sivt_lo      000018
__Hsmallconst              smallconst   00061C
__Hspace_0                 (abs)        00112E
__Hspace_1                 (abs)        0000BC
__Hspace_2                 (abs)        000000
__Hspace_4                 (abs)        60000E
__Hstack                   stack        000000
__Hstruct                  struct       000000
__Htemp                    temp         000060
__Htext                    text         000000
__Htext0                   text0        000000
__Htext1                   text1        000000
__Htext10                  text10       000000
__Htext11                  text11       000000
__Htext12                  text12       000000
__Htext13                  text13       000000
__Htext14                  text14       000000
__Htext15                  text15       000000
__Htext16                  text16       000000
__Htext17                  text17       000000
__Htext2                   text2        000000
__Htext3                   text3        000000
__Htext4                   text4        000000
__Htext5                   text5        000000
__Htext6                   text6        000000
__Htext7                   text7        000000
__Htext8                   text8        000000
__Htext9                   text9        000000
__LRAM                     (abs)        000001
__L__absolute__            __absolute__ 000000
__Labs1                    abs1         000000
__Lbank0                   bank0        000000
__Lbank1                   bank1        000000
__Lbank2                   bank2        000000
__Lbank3                   bank3        000000
__Lbank4                   bank4        000000
__Lbank5                   bank5        000000
__Lbigbss                  bigbss       000000
__Lbigdata                 bigdata      000000
__Lbigram                  bigram       000000
__Lbigsfr                  bigsfr       000000
__Lbss                     bss          000000
__LbssBANK0                bssBANK0     000000
__LbssCOMRAM               bssCOMRAM    000000
__Lcinit                   cinit        000000
__Lclrtext                 clrtext      000000
__Lcomram                  comram       000000
__Lconfig                  config       000000
__Lconst                   const        000000
__LcstackCOMRAM            cstackCOMRAM 000000
__Ldata                    data         000000
__LdataBANK0               dataBANK0    000000
__LdataCOMRAM              dataCOMRAM   000000
__Leeprom_data             eeprom_data  000000
__Lfarbss                  farbss       000000
__Lfardata                 fardata      000000
__Lheap                    heap         000000
__Libigdata                ibigdata     000000
__Lidata                   idata        000000
__LidataBANK0              idataBANK0   000000
__LidataCOMRAM             idataCOMRAM  000000
__Lidloc                   idloc        000000
__Lifardata                ifardata     000000
__Linit                    init         00000E
__Lintcode                 intcode      000008
__Lintcode_body            intcode_body 000000
__Lintcodelo               intcodelo    000018
__Lintentry                intentry     000000
__Lintret                  intret       000000
__Lintsave_regs            intsave_regs 000000
__Lirdata                  irdata       000000
__Lmediumconst             mediumconst  000000
__LnvFARRAM                nvFARRAM     000000
__Lnvbit                   nvbit        000000
__Lnvrram                  nvrram       000000
__Lpa_nodes0               pa_nodes0    000000
__Lparam                   rparam       000000
__Lpowerup                 powerup      000000
__Lram                     ram          000000
__Lramtop                  ramtop       000600
__Lrbit                    rbit         000000
__Lrbss                    rbss         000000
__Lrdata                   rdata        000000
__Lreset_vec               reset_vec    000000
__Lrparam                  rparam       000000
__Lsfr                     sfr          000000
__Lsivt_hi                 sivt_hi      000000
__Lsivt_lo                 sivt_lo      000018
__Lsmallconst              smallconst   000600
__Lspace_0                 (abs)        000000
__Lspace_1                 (abs)        000000
__Lspace_2                 (abs)        000000
__Lspace_4                 (abs)        000000
__Lstack                   stack        000000
__Lstruct                  struct       000000
__Ltemp                    temp         00005F
__Ltext                    text         000000
__Ltext0                   text0        000000
__Ltext1                   text1        000000
__Ltext10                  text10       000000
__Ltext11                  text11       000000
__Ltext12                  text12       000000
__Ltext13                  text13       000000
__Ltext14                  text14       000000
__Ltext15                  text15       000000
__Ltext16                  text16       000000
__Ltext17                  text17       000000
__Ltext2                   text2        000000
__Ltext3                   text3        000000
__Ltext4                   text4        000000
__Ltext5                   text5        000000
__Ltext6                   text6        000000
__Ltext7                   text7        000000
__Ltext8                   text8        000000
__Ltext9                   text9        000000
__S0                       (abs)        00112E
__S1                       (abs)        0000BC
__S4                       (abs)        000000
__S5                       (abs)        000000
___heap_hi                 (abs)        000000
___heap_lo                 (abs)        000000
___inthi_sp                stack        000000
___inthi_stack_hi          stack        000000
___inthi_stack_lo          stack        000000
___intlo_sp                stack        000000
___intlo_stack_hi          stack        000000
___intlo_stack_lo          stack        000000
___lldiv                   text9        000DCC
___lldiv@counter           cstackCOMRAM 00000D
___lldiv@dividend          cstackCOMRAM 000001
___lldiv@divisor           cstackCOMRAM 000005
___lldiv@quotient          cstackCOMRAM 000009
___llmod                   text8        000F16
___llmod@counter           cstackCOMRAM 000009
___llmod@dividend          cstackCOMRAM 000001
___llmod@divisor           cstackCOMRAM 000005
___lmul                    text17       000FD6
___lmul@multiplicand       cstackCOMRAM 000005
___lmul@multiplier         cstackCOMRAM 000001
___lmul@product            cstackCOMRAM 000009
___param_bank              (abs)        000000
___rparam_used             (abs)        000001
___sp                      stack        000000
___stack_hi                stack        000000
___stack_lo                stack        000000
__accesstop                (abs)        000060
__activetblptr             (abs)        000002
__end_ofPL10               text11       000BA8
__end_ofPL12               text14       000C7E
__end_ofPL14               text1        000972
__end_ofPL16               text1        000984
__end_ofPL18               text5        0007FA
__end_ofPL2                text5        0007DE
__end_ofPL20               text11       000BB8
__end_ofPL22               text14       000C8E
__end_ofPL24               text5        000804
__end_ofPL26               text1        000994
__end_ofPL28               text1        0009A2
__end_ofPL30               text5        00080E
__end_ofPL32               text11       000BC2
__end_ofPL34               text14       000C98
__end_ofPL36               text5        000818
__end_ofPL38               text6        000EA4
__end_ofPL4                text5        0007E8
__end_ofPL40               text6        000EB0
__end_ofPL42               text15       000D44
__end_ofPL44               text5        000822
__end_ofPL46               text10       001110
__end_ofPL48               text5        00082A
__end_ofPL50               text1        0009AA
__end_ofPL6                text1        00094A
__end_ofPL8                text1        000960
__end_of___lldiv           text9        000E42
__end_of___llmod           text8        000F78
__end_of___lmul            text17       001022
__end_of__initialization   cinit        000F08
__end_of_fputc             text6        000E98
__end_of_handleKeypress    text16       000AEC
__end_of_isr               intcode_body 000DCC
__end_of_keypadScan        text15       000D3A
__end_of_lcdInit           text13       000FD6
__end_of_lcdPrint          text10       001106
__end_of_lcdWriteCmd       text14       000C74
__end_of_lcdWriteData      text11       000B9E
__end_of_main              text0        00105A
__end_of_putch             text7        00112E
__end_of_sprintf           text3        001086
__end_of_strcpy            text2        0010D4
__end_of_systemInit        text12       0010F6
__end_of_updateDisplay     text1        000934
__end_of_vfpfcnvrt         text5        0007CA
__end_of_vfprintf          text4        0010AE
__initialization           cinit        000EB0
__mediumconst              smallconst   000600
__pbssBANK0                bssBANK0     000060
__pbssCOMRAM               bssCOMRAM    000057
__pcinit                   cinit        000EB0
__pcstackCOMRAM            cstackCOMRAM 000001
__pdataBANK0               dataBANK0    0000AC
__pdataCOMRAM              dataCOMRAM   00004B
__pidataBANK0              idataBANK0   001110
__pidataCOMRAM             idataCOMRAM  001120
__pintcode                 intcode      000008
__pintcode_body            intcode_body 000D44
__psmallconst              smallconst   000600
__ptext0                   text0        001022
__ptext1                   text1        00082A
__ptext10                  text10       0010F6
__ptext11                  text11       000AEC
__ptext12                  text12       0010D4
__ptext13                  text13       000F78
__ptext14                  text14       000BC2
__ptext15                  text15       000C98
__ptext16                  text16       0009AA
__ptext17                  text17       000FD6
__ptext2                   text2        0010AE
__ptext3                   text3        00105A
__ptext4                   text4        001086
__ptext5                   text5        00061C
__ptext6                   text6        000E42
__ptext7                   text7        00112C
__ptext8                   text8        000F16
__ptext9                   text9        000DCC
__ramtop                   ramtop       000600
__smallconst               smallconst   000600
_activePulse               bssCOMRAM    00005E
_countCurrent              bssBANK0     000084
_dbuf                      bssBANK0     000060
_displayBuffer             bssBANK0     00008C
_flags                     bssCOMRAM    00005B
_fputc                     text6        000E42
_handleKeypress            text16       0009AA
_isr                       intcode      000008
_keypadScan                text15       000C98
_lcdInit                   text13       000F78
_lcdPrint                  text10       0010F6
_lcdWriteCmd               text14       000BC2
_lcdWriteData              text11       000AEC
_main                      text0        001022
_offPulseTime              dataCOMRAM   00004F
_onPulseTime               dataCOMRAM   000053
_prec                      bssBANK0     00008A
_putch                     text7        00112C
_sprintf                   text3        00105A
_strcpy                    text2        0010AE
_systemInit                text12       0010D4
_timerDuration             dataCOMRAM   00004B
_updateDisplay             text1        00082A
_vfpfcnvrt                 text5        00061C
_vfprintf                  text4        001086
_width                     bssBANK0     000088
btemp                      temp         00005F
end_of_initialization      cinit        000F08
fputc@c                    cstackCOMRAM 000001
fputc@fp                   cstackCOMRAM 000003
handleKeypress@input_value bssCOMRAM    000057
handleKeypress@key         cstackCOMRAM 00000F
handleKeypress@mode        bssCOMRAM    00005C
int$flags                  temp         00005F
int_func                   intcode_body 000D44
intlevel0                  text         000000
intlevel1                  text         000000
intlevel2                  text         000000
intlevel3                  text         000000
isa$std                    (abs)        000001
isa$xinst                  (abs)        000000
isr@counter                bssBANK0     000080
isr@state                  bssCOMRAM    00005D
keypadScan@F11123          dataBANK0    0000AC
keypadScan@col             cstackCOMRAM 000012
keypadScan@keys            cstackCOMRAM 000001
keypadScan@result          cstackCOMRAM 000011
keypadScan@row             cstackCOMRAM 000013
lcdPrint@str               cstackCOMRAM 000004
lcdWriteCmd@cmd            cstackCOMRAM 000003
lcdWriteData@data          cstackCOMRAM 000003
main@key                   cstackCOMRAM 00004A
sprintf@ap                 cstackCOMRAM 00002E
sprintf@f                  cstackCOMRAM 00002F
sprintf@fmt                cstackCOMRAM 000021
sprintf@s                  cstackCOMRAM 000020
stackhi                    (abs)        000000
stacklo                    (abs)        000000
start                      init         00000E
start_initialization       cinit        000EB0
strcpy@d                   cstackCOMRAM 000004
strcpy@dest                cstackCOMRAM 000001
strcpy@src                 cstackCOMRAM 000002
ttemp5                     temp         000060
ttemp6                     temp         000063
ttemp7                     temp         000067
updateDisplay@off_time     cstackCOMRAM 000044
updateDisplay@on_time      cstackCOMRAM 000040
updateDisplay@unit_off     cstackCOMRAM 00003D
updateDisplay@unit_on      cstackCOMRAM 00003A
vfpfcnvrt@ap               cstackCOMRAM 000010
vfpfcnvrt@c                cstackCOMRAM 00001B
vfpfcnvrt@convarg          cstackCOMRAM 000016
vfpfcnvrt@cp               cstackCOMRAM 00001A
vfpfcnvrt@cp_1031          cstackCOMRAM 000015
vfpfcnvrt@done             cstackCOMRAM 000014
vfpfcnvrt@fmt              cstackCOMRAM 00000F
vfpfcnvrt@fp               cstackCOMRAM 00000E
vfprintf@ap                cstackCOMRAM 00001E
vfprintf@cfmt              cstackCOMRAM 00001F
vfprintf@fmt               cstackCOMRAM 00001D
vfprintf@fp                cstackCOMRAM 00001C
wtemp8                     temp         000060
