Microchip MPLAB XC8 Compiler V3.00

Linker command line:

-W-3 \
  --edf=C:/Program Files/Microchip/MPLABX/v6.25/packs/Microchip/PIC18F-Q_DFP/1.27.449/xc8\pic\dat\20250204174324_en.msgs \
  -pivt0x8=08h -cn \
  -h+dist/default/production\Vijay_Microchip_Project.production.sym \
  --cmf=dist/default/production\Vijay_Microchip_Project.production.cmf -z \
  -Q18F46Q84 -oC:\Users\COLLIN~1\AppData\Local\Temp\xcAsjc.\driver_tmp_3.o \
  --defsym=__MPLAB_BUILD=1 --fixupoverflow=error \
  -Mdist/default/production/Vijay_Microchip_Project.production.map \
  --md=C:\Users\COLLIN~1\AppData\Local\Temp\xcAsjc.\driver_tmp_0.dat -E1 \
  -ver=XC8 Compiler -ACODE=00h-0FFFFh -ACONST=00h-0FFFFh \
  -ASMALLCONST=02E00h-02EFFhx210 -AMEDIUMCONST=02E00h-0FFFFh \
  -ACOMRAM=0501h-055Fh -AABS1=0500h-024FFh -ABIGRAM=0501h-024FFh \
  -ARAM=0560h-05FFh,0600h-06FFhx31 -ABANK5=0560h-05FFh -ABANK6=0600h-06FFh \
  -ABANK7=0700h-07FFh -ABANK8=0800h-08FFh -ABANK9=0900h-09FFh \
  -ABANK10=0A00h-0AFFh -ABANK11=0B00h-0BFFh -ABANK12=0C00h-0CFFh \
  -ABANK13=0D00h-0DFFh -ABANK14=0E00h-0EFFh -ABANK15=0F00h-0FFFh \
  -ABANK16=01000h-010FFh -ABANK17=01100h-011FFh -ABANK18=01200h-012FFh \
  -ABANK19=01300h-013FFh -ABANK20=01400h-014FFh -ABANK21=01500h-015FFh \
  -ABANK22=01600h-016FFh -ABANK23=01700h-017FFh -ABANK24=01800h-018FFh \
  -ABANK25=01900h-019FFh -ABANK26=01A00h-01AFFh -ABANK27=01B00h-01BFFh \
  -ABANK28=01C00h-01CFFh -ABANK29=01D00h-01DFFh -ABANK30=01E00h-01EFFh \
  -ABANK31=01F00h-01FFFh -ABANK32=02000h-020FFh -ABANK33=02100h-021FFh \
  -ABANK34=02200h-022FFh -ABANK35=02300h-023FFh -ABANK36=02400h-024FFh \
  -ASFR=00h-0FFhx4,0400h-045Fh,0460h-04FFh,02500h-025FFhx9 \
  -ABIGSFR=00h-04FFh,02500h-02DFFh -ACONFIG=0300000h-0300023h \
  -AIDLOC=0200000h-020003Fh -AEEDATA=0380000h-03803FFh -peeprom_data=EEDATA \
  -preset_vec=00h -ppowerup=CODE,init -pramtop=02E00h \
  -psmallconst=SMALLCONST -pmediumconst=MEDIUMCONST -pconst=CONST \
  -AFARRAM=00h-00h \
  -prdata=COMRAM,nvrram=COMRAM,nvbit=COMRAM,rbss=COMRAM,rbit=COMRAM \
  -pfarbss=FARRAM,fardata=FARRAM,nvFARRAM=FARRAM \
  -pintsave_regs=BIGRAM,bigbss=BIGRAM,bigdata=BIGRAM -pbss=RAM \
  -pidata=CODE,irdata=CODE,ibigdata=CODE,ifardata=CODE -prparam=COMRAM \
  C:\Users\COLLIN~1\AppData\Local\Temp\xcAsjc.\driver_tmp_14.o \
  dist/default/production\Vijay_Microchip_Project.production.o 

Object code version is 3.11

Machine type is 18F46Q84



                Name                               Link     Load   Length Selector   Space Scale
C:\Users\COLLIN~1\AppData\Local\Temp\xcAsjc.\driver_tmp_14.o
                config                           300000   300000        7        0       4
                init                                 1A       1A        4        4       0
                reset_vec                             0        0        4        0       0
dist/default/production\Vijay_Microchip_Project.production.o
                config                           300000   300000        7        0       4
                smallconst                         2E00     2E00       1C     1700       0
                ivt0x8                                8        8       12        4       0
                text18                             39B8     39B8      100     170E       0
                text17                             3D1E     3D1E       6A     170E       0
                text16                             33E0     33E0      1F2     170E       0
                text15                             35D2     35D2      1D2     170E       0
                text14                             38AE     38AE      10A     170E       0
                text13                             3D88     3D88       68     170E       0
                text12                             3F38     3F38       28     170E       0
                text11                             37A4     37A4      10A     170E       0
                text10                             3F08     3F08       30     170E       0
                text9                              3B82     3B82       A4     170E       0
                text8                              3C26     3C26       88     170E       0
                text7                              3F80     3F80        2     170E       0
                text6                              3AB8     3AB8       CA     170E       0
                text5                              2E1C     2E1C      39C     170E       0
                text4                              3E3C     3E3C       4A     170E       0
                text3                              3E86     3E86       48     170E       0
                text2                              3ECE     3ECE       3A     170E       0
                text1                              31B8     31B8      228     170E       0
                text0                              3DF0     3DF0       4C     170E       0
                cstackCOMRAM                        501      501       53      501       1
                dataBANK5                           5AC      5AC       1C      560       1
                bssBANK5                            560      560       4C      560       1
                dataCOMRAM                          55C      55C        4      501       1
                bssCOMRAM                           554      554        8      501       1
                cinit                              3CAE     3CAE       70     170E       0
                idataBANK5                         3F60     3F60       1C     170E       0
                idataCOMRAM                        3F7C     3F7C        4     170E       0

TOTAL           Name                               Link     Load   Length     Space
        CLASS   CODE           
                init                                 1A       1A        4         0
                reset_vec                             0        0        4         0
                ivt0x8                                8        8       12         0
                text18                             39B8     39B8      100         0
                text17                             3D1E     3D1E       6A         0
                text16                             33E0     33E0      1F2         0
                text15                             35D2     35D2      1D2         0
                text14                             38AE     38AE      10A         0
                text13                             3D88     3D88       68         0
                text12                             3F38     3F38       28         0
                text11                             37A4     37A4      10A         0
                text10                             3F08     3F08       30         0
                text9                              3B82     3B82       A4         0
                text8                              3C26     3C26       88         0
                text7                              3F80     3F80        2         0
                text6                              3AB8     3AB8       CA         0
                text5                              2E1C     2E1C      39C         0
                text4                              3E3C     3E3C       4A         0
                text3                              3E86     3E86       48         0
                text2                              3ECE     3ECE       3A         0
                text1                              31B8     31B8      228         0
                text0                              3DF0     3DF0       4C         0
                cinit                              3CAE     3CAE       70         0
                idataBANK5                         3F60     3F60       1C         0
                idataCOMRAM                        3F7C     3F7C        4         0

        CLASS   CONST          

        CLASS   SMALLCONST     
                smallconst                         2E00     2E00       1C         0

        CLASS   MEDIUMCONST    

        CLASS   COMRAM         
                cstackCOMRAM                        501      501       53         1
                dataCOMRAM                          55C      55C        4         1
                bssCOMRAM                           554      554        8         1

        CLASS   ABS1           

        CLASS   BIGRAM         

        CLASS   RAM            

        CLASS   BANK5          
                dataBANK5                           5AC      5AC       1C         1
                bssBANK5                            560      560       4C         1

        CLASS   BANK6          

        CLASS   BANK7          

        CLASS   BANK8          

        CLASS   BANK9          

        CLASS   BANK10         

        CLASS   BANK11         

        CLASS   BANK12         

        CLASS   BANK13         

        CLASS   BANK14         

        CLASS   BANK15         

        CLASS   BANK16         

        CLASS   BANK17         

        CLASS   BANK18         

        CLASS   BANK19         

        CLASS   BANK20         

        CLASS   BANK21         

        CLASS   BANK22         

        CLASS   BANK23         

        CLASS   BANK24         

        CLASS   BANK25         

        CLASS   BANK26         

        CLASS   BANK27         

        CLASS   BANK28         

        CLASS   BANK29         

        CLASS   BANK30         

        CLASS   BANK31         

        CLASS   BANK32         

        CLASS   BANK33         

        CLASS   BANK34         

        CLASS   BANK35         

        CLASS   BANK36         

        CLASS   SFR            

        CLASS   BIGSFR         

        CLASS   CONFIG         
                config                           300000   300000        7         4

        CLASS   IDLOC          

        CLASS   EEDATA         

        CLASS   FARRAM         

        CLASS   HEAP           

        CLASS   STACK          



SEGMENTS        Name                           Load    Length   Top    Selector   Space  Class

                reset_vec                      000000  000004  000004         0       0  CODE    
                ivt0x8                         000008  000016  00001E         4       0  CODE    
                cstackCOMRAM                   000501  00005F  000560       501       1  COMRAM  
                bssBANK5                       000560  000068  0005C8       560       1  BANK5   
                smallconst                     002E00  00001C  002E1C      1700       0  SMALLCON
                text5                          002E1C  001166  003F82      170E       0  CODE    


UNUSED ADDRESS RANGES

        Name                Unused          Largest block    Delta
        BANK10           000A00-000AFF              100
        BANK11           000B00-000BFF              100
        BANK12           000C00-000CFF              100
        BANK13           000D00-000DFF              100
        BANK14           000E00-000EFF              100
        BANK15           000F00-000FFF              100
        BANK16           001000-0010FF              100
        BANK17           001100-0011FF              100
        BANK18           001200-0012FF              100
        BANK19           001300-0013FF              100
        BANK20           001400-0014FF              100
        BANK21           001500-0015FF              100
        BANK22           001600-0016FF              100
        BANK23           001700-0017FF              100
        BANK24           001800-0018FF              100
        BANK25           001900-0019FF              100
        BANK26           001A00-001AFF              100
        BANK27           001B00-001BFF              100
        BANK28           001C00-001CFF              100
        BANK29           001D00-001DFF              100
        BANK30           001E00-001EFF              100
        BANK31           001F00-001FFF              100
        BANK32           002000-0020FF              100
        BANK33           002100-0021FF              100
        BANK34           002200-0022FF              100
        BANK35           002300-0023FF              100
        BANK36           002400-0024FF              100
        BANK5            0005C8-0005FF               38
        BANK6            000600-0006FF              100
        BANK7            000700-0007FF              100
        BANK8            000800-0008FF              100
        BANK9            000900-0009FF              100
        BIGRAM           0005C8-0024FF             1F38
        BIGSFR           000000-0004FF              500
                         002500-002DFF              900
        CODE             000004-000007                4
                         00001E-002DFF             2DE2
                         003F82-00FFFF             C07E
        CONFIG           300007-300023               1D
        CONST            000004-000007                4
                         00001E-002DFF             2DE2
                         003F82-00FFFF             C07E
        EEDATA           380000-3803FF              400
        IDLOC            200000-20003F               40
        MEDIUMCONST      003F82-00FFFF             C07E
        RAM              0005C8-0024FF              100
        SFR              000000-0004FF              100
                         002500-002DFF              100
        SMALLCONST       003F82-00FFFF              100

                                  Symbol Table

?___lldiv                  cstackCOMRAM 000501
?___llmod                  cstackCOMRAM 000501
?___lmul                   cstackCOMRAM 000501
?_sprintf                  cstackCOMRAM 000527
?_vfprintf                 cstackCOMRAM 000521
IVTBASEH                   (abs)        00045E
IVTBASEL                   (abs)        00045D
IVTBASEU                   (abs)        00045F
_ANSELA                    (abs)        000400
_ANSELB                    (abs)        000408
_INTCON0bits               (abs)        0004D6
_LATBbits                  (abs)        0004BF
_LATCbits                  (abs)        0004C0
_LATDbits                  (abs)        0004C1
_OSCCON1                   (abs)        0000AD
_PIE2                      (abs)        0004A0
_PIR2                      (abs)        0004B0
_PORTBbits                 (abs)        0004CF
_PR2                       (abs)        000323
_T2CON                     (abs)        000324
_T2CONbits                 (abs)        000324
_TRISA                     (abs)        0004C6
_TRISB                     (abs)        0004C7
_TRISC                     (abs)        0004C8
_TRISD                     (abs)        0004C9
__HRAM                     (abs)        000000
__H__absolute__            __absolute__ 000000
__Habs1                    abs1         000000
__Hbank10                  bank10       000000
__Hbank11                  bank11       000000
__Hbank12                  bank12       000000
__Hbank13                  bank13       000000
__Hbank14                  bank14       000000
__Hbank15                  bank15       000000
__Hbank16                  bank16       000000
__Hbank17                  bank17       000000
__Hbank18                  bank18       000000
__Hbank19                  bank19       000000
__Hbank20                  bank20       000000
__Hbank21                  bank21       000000
__Hbank22                  bank22       000000
__Hbank23                  bank23       000000
__Hbank24                  bank24       000000
__Hbank25                  bank25       000000
__Hbank26                  bank26       000000
__Hbank27                  bank27       000000
__Hbank28                  bank28       000000
__Hbank29                  bank29       000000
__Hbank30                  bank30       000000
__Hbank31                  bank31       000000
__Hbank32                  bank32       000000
__Hbank33                  bank33       000000
__Hbank34                  bank34       000000
__Hbank35                  bank35       000000
__Hbank36                  bank36       000000
__Hbank5                   bank5        000000
__Hbank6                   bank6        000000
__Hbank7                   bank7        000000
__Hbank8                   bank8        000000
__Hbank9                   bank9        000000
__Hbigbss                  bigbss       000000
__Hbigdata                 bigdata      000000
__Hbigram                  bigram       000000
__Hbigsfr                  bigsfr       000000
__Hbss                     bss          000000
__HbssBANK5                bssBANK5     000000
__HbssCOMRAM               bssCOMRAM    000000
__Hcinit                   cinit        000000
__Hclrtext                 clrtext      000000
__Hcomram                  comram       000000
__Hconfig                  config       300007
__Hconst                   const        000000
__HcstackCOMRAM            cstackCOMRAM 000000
__Hdata                    data         000000
__HdataBANK5               dataBANK5    000000
__HdataCOMRAM              dataCOMRAM   000000
__Heeprom_data             eeprom_data  000000
__Hfarbss                  farbss       000000
__Hfardata                 fardata      000000
__Hheap                    heap         000000
__Hibigdata                ibigdata     000000
__Hidata                   idata        000000
__HidataBANK5              idataBANK5   000000
__HidataCOMRAM             idataCOMRAM  000000
__Hidloc                   idloc        000000
__Hifardata                ifardata     000000
__Hinit                    init         00001E
__Hintsave_regs            intsave_regs 000000
__Hirdata                  irdata       000000
__Hivt0x8                  ivt0x8       00001A
__Hmediumconst             mediumconst  000000
__HnvFARRAM                nvFARRAM     000000
__Hnvbit                   nvbit        000000
__Hnvrram                  nvrram       000000
__Hparam                   rparam       000000
__Hpowerup                 powerup      000000
__Hram                     ram          000000
__Hramtop                  ramtop       002E00
__Hrbit                    rbit         000000
__Hrbss                    rbss         000000
__Hrdata                   rdata        000000
__Hreset_vec               reset_vec    000004
__Hrparam                  rparam       000000
__Hsfr                     sfr          000000
__Hsmallconst              smallconst   002E1C
__Hspace_0                 (abs)        003F82
__Hspace_1                 (abs)        0005C8
__Hspace_2                 (abs)        000000
__Hspace_4                 (abs)        600007
__Hstack                   stack        000000
__Hstruct                  struct       000000
__Htemp                    temp         000000
__Htext                    text         000000
__Htext0                   text0        000000
__Htext1                   text1        000000
__Htext10                  text10       000000
__Htext11                  text11       000000
__Htext12                  text12       000000
__Htext13                  text13       000000
__Htext14                  text14       000000
__Htext15                  text15       000000
__Htext16                  text16       000000
__Htext17                  text17       000000
__Htext18                  text18       000000
__Htext2                   text2        000000
__Htext3                   text3        000000
__Htext4                   text4        000000
__Htext5                   text5        000000
__Htext6                   text6        000000
__Htext7                   text7        000000
__Htext8                   text8        000000
__Htext9                   text9        000000
__LRAM                     (abs)        000001
__L__absolute__            __absolute__ 000000
__Labs1                    abs1         000000
__Lbank10                  bank10       000000
__Lbank11                  bank11       000000
__Lbank12                  bank12       000000
__Lbank13                  bank13       000000
__Lbank14                  bank14       000000
__Lbank15                  bank15       000000
__Lbank16                  bank16       000000
__Lbank17                  bank17       000000
__Lbank18                  bank18       000000
__Lbank19                  bank19       000000
__Lbank20                  bank20       000000
__Lbank21                  bank21       000000
__Lbank22                  bank22       000000
__Lbank23                  bank23       000000
__Lbank24                  bank24       000000
__Lbank25                  bank25       000000
__Lbank26                  bank26       000000
__Lbank27                  bank27       000000
__Lbank28                  bank28       000000
__Lbank29                  bank29       000000
__Lbank30                  bank30       000000
__Lbank31                  bank31       000000
__Lbank32                  bank32       000000
__Lbank33                  bank33       000000
__Lbank34                  bank34       000000
__Lbank35                  bank35       000000
__Lbank36                  bank36       000000
__Lbank5                   bank5        000000
__Lbank6                   bank6        000000
__Lbank7                   bank7        000000
__Lbank8                   bank8        000000
__Lbank9                   bank9        000000
__Lbigbss                  bigbss       000000
__Lbigdata                 bigdata      000000
__Lbigram                  bigram       000000
__Lbigsfr                  bigsfr       000000
__Lbss                     bss          000000
__LbssBANK5                bssBANK5     000000
__LbssCOMRAM               bssCOMRAM    000000
__Lcinit                   cinit        000000
__Lclrtext                 clrtext      000000
__Lcomram                  comram       000000
__Lconfig                  config       000000
__Lconst                   const        000000
__LcstackCOMRAM            cstackCOMRAM 000000
__Ldata                    data         000000
__LdataBANK5               dataBANK5    000000
__LdataCOMRAM              dataCOMRAM   000000
__Leeprom_data             eeprom_data  000000
__Lfarbss                  farbss       000000
__Lfardata                 fardata      000000
__Lheap                    heap         000000
__Libigdata                ibigdata     000000
__Lidata                   idata        000000
__LidataBANK5              idataBANK5   000000
__LidataCOMRAM             idataCOMRAM  000000
__Lidloc                   idloc        000000
__Lifardata                ifardata     000000
__Linit                    init         00001A
__Lintsave_regs            intsave_regs 000000
__Lirdata                  irdata       000000
__Livt0x8                  ivt0x8       000008
__Lmediumconst             mediumconst  000000
__LnvFARRAM                nvFARRAM     000000
__Lnvbit                   nvbit        000000
__Lnvrram                  nvrram       000000
__Lparam                   rparam       000000
__Lpowerup                 powerup      000000
__Lram                     ram          000000
__Lramtop                  ramtop       002E00
__Lrbit                    rbit         000000
__Lrbss                    rbss         000000
__Lrdata                   rdata        000000
__Lreset_vec               reset_vec    000000
__Lrparam                  rparam       000000
__Lsfr                     sfr          000000
__Lsmallconst              smallconst   002E00
__Lspace_0                 (abs)        000000
__Lspace_1                 (abs)        000000
__Lspace_2                 (abs)        000000
__Lspace_4                 (abs)        000000
__Lstack                   stack        000000
__Lstruct                  struct       000000
__Ltemp                    temp         000000
__Ltext                    text         000000
__Ltext0                   text0        000000
__Ltext1                   text1        000000
__Ltext10                  text10       000000
__Ltext11                  text11       000000
__Ltext12                  text12       000000
__Ltext13                  text13       000000
__Ltext14                  text14       000000
__Ltext15                  text15       000000
__Ltext16                  text16       000000
__Ltext17                  text17       000000
__Ltext18                  text18       000000
__Ltext2                   text2        000000
__Ltext3                   text3        000000
__Ltext4                   text4        000000
__Ltext5                   text5        000000
__Ltext6                   text6        000000
__Ltext7                   text7        000000
__Ltext8                   text8        000000
__Ltext9                   text9        000000
__S0                       (abs)        003F82
__S1                       (abs)        0005C8
__S4                       (abs)        000000
__S5                       (abs)        000000
___heap_hi                 (abs)        000000
___heap_lo                 (abs)        000000
___inthi_sp                stack        000000
___inthi_stack_hi          stack        000000
___inthi_stack_lo          stack        000000
___intlo_sp                stack        000000
___intlo_stack_hi          stack        000000
___intlo_stack_lo          stack        000000
___lldiv                   text9        003B82
___lldiv@counter           cstackCOMRAM 00050D
___lldiv@dividend          cstackCOMRAM 000501
___lldiv@divisor           cstackCOMRAM 000505
___lldiv@quotient          cstackCOMRAM 000509
___llmod                   text8        003C26
___llmod@counter           cstackCOMRAM 000509
___llmod@dividend          cstackCOMRAM 000501
___llmod@divisor           cstackCOMRAM 000505
___lmul                    text17       003D1E
___lmul@multiplicand       cstackCOMRAM 000505
___lmul@multiplier         cstackCOMRAM 000501
___lmul@product            cstackCOMRAM 000509
___param_bank              (abs)        000000
___rparam_used             (abs)        000001
___sp                      stack        000000
___stack_hi                stack        000000
___stack_lo                stack        000000
__accesstop                (abs)        000560
__activetblptr             (abs)        000002
__end_of___lldiv           text9        003C26
__end_of___llmod           text8        003CAE
__end_of___lmul            text17       003D88
__end_of__initialization   cinit        003D14
__end_of_fputc             text6        003B82
__end_of_handleKeypress    text16       0035D2
__end_of_isr               text18       003AB8
__end_of_keypadScan        text15       0037A4
__end_of_lcdInit           text13       003DF0
__end_of_lcdPrint          text10       003F38
__end_of_lcdWriteCmd       text14       0039B8
__end_of_lcdWriteData      text11       0038AE
__end_of_main              text0        003E3C
__end_of_putch             text7        003F82
__end_of_sprintf           text3        003ECE
__end_of_strcpy            text2        003F08
__end_of_systemInit        text12       003F60
__end_of_updateDisplay     text1        0033E0
__end_of_vfpfcnvrt         text5        0031B8
__end_of_vfprintf          text4        003E86
__initialization           cinit        003CAE
__mediumconst              smallconst   002E00
__pbssBANK5                bssBANK5     000560
__pbssCOMRAM               bssCOMRAM    000554
__pcinit                   cinit        003CAE
__pcstackCOMRAM            cstackCOMRAM 000501
__pdataBANK5               dataBANK5    0005AC
__pdataCOMRAM              dataCOMRAM   00055C
__pidataBANK5              idataBANK5   003F60
__pidataCOMRAM             idataCOMRAM  003F7C
__pivt0x8                  ivt0x8       000008
__psmallconst              smallconst   002E00
__ptext0                   text0        003DF0
__ptext1                   text1        0031B8
__ptext10                  text10       003F08
__ptext11                  text11       0037A4
__ptext12                  text12       003F38
__ptext13                  text13       003D88
__ptext14                  text14       0038AE
__ptext15                  text15       0035D2
__ptext16                  text16       0033E0
__ptext17                  text17       003D1E
__ptext18                  text18       0039B8
__ptext2                   text2        003ECE
__ptext3                   text3        003E86
__ptext4                   text4        003E3C
__ptext5                   text5        002E1C
__ptext6                   text6        003AB8
__ptext7                   text7        003F80
__ptext8                   text8        003C26
__ptext9                   text9        003B82
__ramtop                   ramtop       002E00
__smallconst               smallconst   002E00
_activePulse               bssCOMRAM    00055B
_countCurrent              bssBANK5     000584
_dbuf                      bssBANK5     000560
_displayBuffer             bssBANK5     00058C
_flags                     bssCOMRAM    000558
_fputc                     text6        003AB8
_handleKeypress            text16       0033E0
_isr                       text18       0039B8
_keypadScan                text15       0035D2
_lcdInit                   text13       003D88
_lcdPrint                  text10       003F08
_lcdWriteCmd               text14       0038AE
_lcdWriteData              text11       0037A4
_main                      text0        003DF0
_offPulseTime              dataBANK5    0005C4
_onPulseTime               dataCOMRAM   00055C
_prec                      bssBANK5     00058A
_putch                     text7        003F80
_sprintf                   text3        003E86
_strcpy                    text2        003ECE
_systemInit                text12       003F38
_timerDuration             dataBANK5    0005C0
_updateDisplay             text1        0031B8
_vfpfcnvrt                 text5        002E1C
_vfprintf                  text4        003E3C
_width                     bssBANK5     000588
end_of_initialization      cinit        003D14
fputc@c                    cstackCOMRAM 000501
fputc@fp                   cstackCOMRAM 000503
handleKeypress@input_value bssCOMRAM    000554
handleKeypress@key         cstackCOMRAM 00050F
handleKeypress@mode        bssCOMRAM    000559
intlevel0                  text         000000
intlevel1                  text         000000
intlevel2                  text         000000
intlevel3                  text         000000
isa$std                    (abs)        000001
isa$xinst                  (abs)        000000
isr@counter                bssBANK5     000580
isr@state                  bssCOMRAM    00055A
ivt0x8_base                ivt0x8       000008
keypadScan@F23798          dataBANK5    0005AC
keypadScan@col             cstackCOMRAM 000518
keypadScan@keys            cstackCOMRAM 000503
keypadScan@result          cstackCOMRAM 000517
keypadScan@row             cstackCOMRAM 000519
lcdPrint@str               cstackCOMRAM 000504
lcdWriteCmd@cmd            cstackCOMRAM 000503
lcdWriteData@data          cstackCOMRAM 000503
main@key                   cstackCOMRAM 000553
sprintf@ap                 cstackCOMRAM 000536
sprintf@f                  cstackCOMRAM 000538
sprintf@fmt                cstackCOMRAM 000529
sprintf@s                  cstackCOMRAM 000527
stackhi                    (abs)        000000
stacklo                    (abs)        000000
start                      init         00001A
start_initialization       cinit        003CAE
strcpy@d                   cstackCOMRAM 000505
strcpy@dest                cstackCOMRAM 000501
strcpy@src                 cstackCOMRAM 000503
updateDisplay@off_time     cstackCOMRAM 00054D
updateDisplay@on_time      cstackCOMRAM 000549
updateDisplay@unit_off     cstackCOMRAM 000546
updateDisplay@unit_on      cstackCOMRAM 000543
vfpfcnvrt@ap               cstackCOMRAM 000512
vfpfcnvrt@c                cstackCOMRAM 000520
vfpfcnvrt@convarg          cstackCOMRAM 00051B
vfpfcnvrt@cp               cstackCOMRAM 00051F
vfpfcnvrt@cp_859           cstackCOMRAM 000519
vfpfcnvrt@done             cstackCOMRAM 000518
vfpfcnvrt@fmt              cstackCOMRAM 000510
vfpfcnvrt@fp               cstackCOMRAM 00050E
vfprintf@ap                cstackCOMRAM 000524
vfprintf@cfmt              cstackCOMRAM 000526
vfprintf@fmt               cstackCOMRAM 000523
vfprintf@fp                cstackCOMRAM 000521


MODULE INFORMATION

Module		Function		Class		Link	Load	Size
C:\Program Files\Microchip\xc8\v3.00\pic\sources\c99\common\nf_fputc.c
		_fputc         		CODE           	3AB8	0000	202

C:\Program Files\Microchip\xc8\v3.00\pic\sources\c99\common\nf_fputc.c estimated size: 202

C:\Program Files\Microchip\xc8\v3.00\pic\sources\c99\common\nf_sprintf.c
		_sprintf       		CODE           	3E86	0000	72

C:\Program Files\Microchip\xc8\v3.00\pic\sources\c99\common\nf_sprintf.c estimated size: 72

C:\Program Files\Microchip\xc8\v3.00\pic\sources\c99\common\putch.c
		_putch         		CODE           	3F80	0000	2

C:\Program Files\Microchip\xc8\v3.00\pic\sources\c99\common\putch.c estimated size: 2

C:\Program Files\Microchip\xc8\v3.00\pic\sources\c99\common\llmod.c
		___llmod       		CODE           	3C26	0000	136

C:\Program Files\Microchip\xc8\v3.00\pic\sources\c99\common\llmod.c estimated size: 136

C:\Program Files\Microchip\xc8\v3.00\pic\sources\c99\common\Umul32.c
		___lmul        		CODE           	3D1E	0000	106

C:\Program Files\Microchip\xc8\v3.00\pic\sources\c99\common\Umul32.c estimated size: 106

C:\Program Files\Microchip\xc8\v3.00\pic\sources\c99\common\__lldiv.c
		___lldiv       		CODE           	3B82	0000	164

C:\Program Files\Microchip\xc8\v3.00\pic\sources\c99\common\__lldiv.c estimated size: 164

shared
		__initialization		CODE           	3CAE	0000	102

shared estimated size: 102

C:\Program Files\Microchip\xc8\v3.00\pic\sources\c99\common\strcpy.c
		_strcpy        		CODE           	3ECE	0000	58

C:\Program Files\Microchip\xc8\v3.00\pic\sources\c99\common\strcpy.c estimated size: 58

main.c
		_main          		CODE           	3DF0	0000	76
		_keypadScan    		CODE           	35D2	0000	466
		_isr           		CODE           	39B8	0000	256
		_lcdWriteCmd   		CODE           	38AE	0000	266
		_lcdWriteData  		CODE           	37A4	0000	266
		_lcdInit       		CODE           	3D88	0000	104
		_handleKeypress		CODE           	33E0	0000	498
		_systemInit    		CODE           	3F38	0000	40
		_lcdPrint      		CODE           	3F08	0000	48
		_updateDisplay 		CODE           	31B8	0000	552

main.c estimated size: 2572

C:\Program Files\Microchip\xc8\v3.00\pic\sources\c99\common\doprnt.c
		_vfpfcnvrt     		CODE           	2E1C	0000	924
		_vfprintf      		CODE           	3E3C	0000	74

C:\Program Files\Microchip\xc8\v3.00\pic\sources\c99\common\doprnt.c estimated size: 998

